  Determining projects to restore...
  All projects are up-to-date for restore.
C:\Users\DTMLLUAdminUser\Desktop\Imran\IoT-Devices-Recommendation--main\IoT-Devices-Recommendation--main\IoTDeviceSuggestionWInUI\obj\x64\Debug\net8.0-windows10.0.19041.0\win-x64\.NETCoreApp,Version=v8.0.AssemblyAttributes.cs(4,12): error CS0579: Duplicate 'global::System.Runtime.Versioning.TargetFrameworkAttribute' attribute [C:\Users\DTMLLUAdminUser\Desktop\Imran\IoT-Devices-Recommendation--main\IoT-Devices-Recommendation--main\IoTDeviceSuggestionWInUI\IoTDeviceSuggestionWInUI.csproj]
C:\Users\DTMLLUAdminUser\Desktop\Imran\IoT-Devices-Recommendation--main\IoT-Devices-Recommendation--main\IoTDeviceSuggestionWInUI\obj\x64\Debug\net8.0-windows10.0.19041.0\win-x64\IoTDeviceSuggestionWInUI.AssemblyInfo.cs(14,12): error CS0579: Duplicate 'System.Reflection.AssemblyCompanyAttribute' attribute [C:\Users\DTMLLUAdminUser\Desktop\Imran\IoT-Devices-Recommendation--main\IoT-Devices-Recommendation--main\IoTDeviceSuggestionWInUI\IoTDeviceSuggestionWInUI.csproj]
C:\Users\DTMLLUAdminUser\Desktop\Imran\IoT-Devices-Recommendation--main\IoT-Devices-Recommendation--main\IoTDeviceSuggestionWInUI\obj\x64\Debug\net8.0-windows10.0.19041.0\win-x64\IoTDeviceSuggestionWInUI.AssemblyInfo.cs(15,12): error CS0579: Duplicate 'System.Reflection.AssemblyConfigurationAttribute' attribute [C:\Users\DTMLLUAdminUser\Desktop\Imran\IoT-Devices-Recommendation--main\IoT-Devices-Recommendation--main\IoTDeviceSuggestionWInUI\IoTDeviceSuggestionWInUI.csproj]
C:\Users\DTMLLUAdminUser\Desktop\Imran\IoT-Devices-Recommendation--main\IoT-Devices-Recommendation--main\IoTDeviceSuggestionWInUI\obj\x64\Debug\net8.0-windows10.0.19041.0\win-x64\IoTDeviceSuggestionWInUI.AssemblyInfo.cs(16,12): error CS0579: Duplicate 'System.Reflection.AssemblyFileVersionAttribute' attribute [C:\Users\DTMLLUAdminUser\Desktop\Imran\IoT-Devices-Recommendation--main\IoT-Devices-Recommendation--main\IoTDeviceSuggestionWInUI\IoTDeviceSuggestionWInUI.csproj]
C:\Users\DTMLLUAdminUser\Desktop\Imran\IoT-Devices-Recommendation--main\IoT-Devices-Recommendation--main\IoTDeviceSuggestionWInUI\obj\x64\Debug\net8.0-windows10.0.19041.0\win-x64\IoTDeviceSuggestionWInUI.AssemblyInfo.cs(17,12): error CS0579: Duplicate 'System.Reflection.AssemblyInformationalVersionAttribute' attribute [C:\Users\DTMLLUAdminUser\Desktop\Imran\IoT-Devices-Recommendation--main\IoT-Devices-Recommendation--main\IoTDeviceSuggestionWInUI\IoTDeviceSuggestionWInUI.csproj]
C:\Users\DTMLLUAdminUser\Desktop\Imran\IoT-Devices-Recommendation--main\IoT-Devices-Recommendation--main\IoTDeviceSuggestionWInUI\obj\x64\Debug\net8.0-windows10.0.19041.0\win-x64\IoTDeviceSuggestionWInUI.AssemblyInfo.cs(18,12): error CS0579: Duplicate 'System.Reflection.AssemblyProductAttribute' attribute [C:\Users\DTMLLUAdminUser\Desktop\Imran\IoT-Devices-Recommendation--main\IoT-Devices-Recommendation--main\IoTDeviceSuggestionWInUI\IoTDeviceSuggestionWInUI.csproj]
C:\Users\DTMLLUAdminUser\Desktop\Imran\IoT-Devices-Recommendation--main\IoT-Devices-Recommendation--main\IoTDeviceSuggestionWInUI\obj\x64\Debug\net8.0-windows10.0.19041.0\win-x64\IoTDeviceSuggestionWInUI.AssemblyInfo.cs(19,12): error CS0579: Duplicate 'System.Reflection.AssemblyTitleAttribute' attribute [C:\Users\DTMLLUAdminUser\Desktop\Imran\IoT-Devices-Recommendation--main\IoT-Devices-Recommendation--main\IoTDeviceSuggestionWInUI\IoTDeviceSuggestionWInUI.csproj]
C:\Users\DTMLLUAdminUser\Desktop\Imran\IoT-Devices-Recommendation--main\IoT-Devices-Recommendation--main\IoTDeviceSuggestionWInUI\obj\x64\Debug\net8.0-windows10.0.19041.0\win-x64\IoTDeviceSuggestionWInUI.AssemblyInfo.cs(20,12): error CS0579: Duplicate 'System.Reflection.AssemblyVersionAttribute' attribute [C:\Users\DTMLLUAdminUser\Desktop\Imran\IoT-Devices-Recommendation--main\IoT-Devices-Recommendation--main\IoTDeviceSuggestionWInUI\IoTDeviceSuggestionWInUI.csproj]
C:\Users\DTMLLUAdminUser\Desktop\Imran\IoT-Devices-Recommendation--main\IoT-Devices-Recommendation--main\IoTDeviceSuggestionWInUI\obj\x64\Debug\net8.0-windows10.0.19041.0\win-x64\IoTDeviceSuggestionWInUI.AssemblyInfo.cs(21,12): error CS0579: Duplicate 'System.Runtime.Versioning.TargetPlatformAttribute' attribute [C:\Users\DTMLLUAdminUser\Desktop\Imran\IoT-Devices-Recommendation--main\IoT-Devices-Recommendation--main\IoTDeviceSuggestionWInUI\IoTDeviceSuggestionWInUI.csproj]
C:\IoTWinUI\obj\x64\Debug\net8.0-windows10.0.19041.0\win-x64\App.g.i.cs(18,25): error CS0101: The namespace 'IoTDeviceSuggestionWInUI' already contains a definition for 'Program' [C:\Users\DTMLLUAdminUser\Desktop\Imran\IoT-Devices-Recommendation--main\IoT-Devices-Recommendation--main\IoTDeviceSuggestionWInUI\IoTDeviceSuggestionWInUI.csproj]
C:\IoTWinUI\obj\x64\Debug\net8.0-windows10.0.19041.0\win-x64\App.g.i.cs(38,22): error CS0102: The type 'App' already contains a definition for '_contentLoaded' [C:\Users\DTMLLUAdminUser\Desktop\Imran\IoT-Devices-Recommendation--main\IoT-Devices-Recommendation--main\IoTDeviceSuggestionWInUI\IoTDeviceSuggestionWInUI.csproj]
C:\IoTWinUI\obj\x64\Debug\net8.0-windows10.0.19041.0\win-x64\App.g.i.cs(44,21): error CS0111: Type 'App' already defines a member called 'InitializeComponent' with the same parameter types [C:\Users\DTMLLUAdminUser\Desktop\Imran\IoT-Devices-Recommendation--main\IoT-Devices-Recommendation--main\IoTDeviceSuggestionWInUI\IoTDeviceSuggestionWInUI.csproj]
C:\IoTWinUI\obj\x64\Debug\net8.0-windows10.0.19041.0\win-x64\MainWindow.g.i.cs(47,27): error CS0102: The type 'MainWindow' already contains a definition for 'IMainWindow_Bindings' [C:\Users\DTMLLUAdminUser\Desktop\Imran\IoT-Devices-Recommendation--main\IoT-Devices-Recommendation--main\IoTDeviceSuggestionWInUI\IoTDeviceSuggestionWInUI.csproj]
C:\IoTWinUI\obj\x64\Debug\net8.0-windows10.0.19041.0\win-x64\MainWindow.g.i.cs(55,27): error CS0102: The type 'MainWindow' already contains a definition for 'IMainWindow_BindingsScopeConnector' [C:\Users\DTMLLUAdminUser\Desktop\Imran\IoT-Devices-Recommendation--main\IoT-Devices-Recommendation--main\IoTDeviceSuggestionWInUI\IoTDeviceSuggestionWInUI.csproj]
C:\IoTWinUI\obj\x64\Debug\net8.0-windows10.0.19041.0\win-x64\MainWindow.g.i.cs(44,22): error CS0756: A partial method may not have multiple defining declarations [C:\Users\DTMLLUAdminUser\Desktop\Imran\IoT-Devices-Recommendation--main\IoT-Devices-Recommendation--main\IoTDeviceSuggestionWInUI\IoTDeviceSuggestionWInUI.csproj]
C:\IoTWinUI\obj\x64\Debug\net8.0-windows10.0.19041.0\win-x64\MainWindow.g.i.cs(20,60): error CS0102: The type 'MainWindow' already contains a definition for 'DevicesTextBox' [C:\Users\DTMLLUAdminUser\Desktop\Imran\IoT-Devices-Recommendation--main\IoT-Devices-Recommendation--main\IoTDeviceSuggestionWInUI\IoTDeviceSuggestionWInUI.csproj]
C:\IoTWinUI\obj\x64\Debug\net8.0-windows10.0.19041.0\win-x64\MainWindow.g.i.cs(22,61): error CS0102: The type 'MainWindow' already contains a definition for 'RoomComboBox' [C:\Users\DTMLLUAdminUser\Desktop\Imran\IoT-Devices-Recommendation--main\IoT-Devices-Recommendation--main\IoTDeviceSuggestionWInUI\IoTDeviceSuggestionWInUI.csproj]
C:\IoTWinUI\obj\x64\Debug\net8.0-windows10.0.19041.0\win-x64\MainWindow.g.i.cs(26,22): error CS0102: The type 'MainWindow' already contains a definition for '_contentLoaded' [C:\Users\DTMLLUAdminUser\Desktop\Imran\IoT-Devices-Recommendation--main\IoT-Devices-Recommendation--main\IoTDeviceSuggestionWInUI\IoTDeviceSuggestionWInUI.csproj]
C:\IoTWinUI\obj\x64\Debug\net8.0-windows10.0.19041.0\win-x64\MainWindow.g.i.cs(33,21): error CS0111: Type 'MainWindow' already defines a member called 'InitializeComponent' with the same parameter types [C:\Users\DTMLLUAdminUser\Desktop\Imran\IoT-Devices-Recommendation--main\IoT-Devices-Recommendation--main\IoTDeviceSuggestionWInUI\IoTDeviceSuggestionWInUI.csproj]
C:\IoTWinUI\obj\x64\Debug\net8.0-windows10.0.19041.0\win-x64\MainWindow.g.i.cs(44,22): error CS0111: Type 'MainWindow' already defines a member called 'UnloadObject' with the same parameter types [C:\Users\DTMLLUAdminUser\Desktop\Imran\IoT-Devices-Recommendation--main\IoT-Devices-Recommendation--main\IoTDeviceSuggestionWInUI\IoTDeviceSuggestionWInUI.csproj]
C:\IoTWinUI\obj\x64\Debug\net8.0-windows10.0.19041.0\win-x64\MainWindow.g.i.cs(64,38): error CS0102: The type 'MainWindow' already contains a definition for 'Bindings' [C:\Users\DTMLLUAdminUser\Desktop\Imran\IoT-Devices-Recommendation--main\IoT-Devices-Recommendation--main\IoTDeviceSuggestionWInUI\IoTDeviceSuggestionWInUI.csproj]
C:\IoTWinUI\obj\x64\Debug\net8.0-windows10.0.19041.0\win-x64\MainWindow.g.i.cs(46,10): error CS0579: Duplicate 'global::System.CodeDom.Compiler.GeneratedCodeAttribute' attribute [C:\Users\DTMLLUAdminUser\Desktop\Imran\IoT-Devices-Recommendation--main\IoT-Devices-Recommendation--main\IoTDeviceSuggestionWInUI\IoTDeviceSuggestionWInUI.csproj]
C:\IoTWinUI\obj\x64\Debug\net8.0-windows10.0.19041.0\win-x64\MainWindow.g.i.cs(49,18): error CS0111: Type 'MainWindow.IMainWindow_Bindings' already defines a member called 'Initialize' with the same parameter types [C:\Users\DTMLLUAdminUser\Desktop\Imran\IoT-Devices-Recommendation--main\IoT-Devices-Recommendation--main\IoTDeviceSuggestionWInUI\IoTDeviceSuggestionWInUI.csproj]
C:\IoTWinUI\obj\x64\Debug\net8.0-windows10.0.19041.0\win-x64\MainWindow.g.i.cs(50,18): error CS0111: Type 'MainWindow.IMainWindow_Bindings' already defines a member called 'Update' with the same parameter types [C:\Users\DTMLLUAdminUser\Desktop\Imran\IoT-Devices-Recommendation--main\IoT-Devices-Recommendation--main\IoTDeviceSuggestionWInUI\IoTDeviceSuggestionWInUI.csproj]
C:\IoTWinUI\obj\x64\Debug\net8.0-windows10.0.19041.0\win-x64\MainWindow.g.i.cs(51,18): error CS0111: Type 'MainWindow.IMainWindow_Bindings' already defines a member called 'StopTracking' with the same parameter types [C:\Users\DTMLLUAdminUser\Desktop\Imran\IoT-Devices-Recommendation--main\IoT-Devices-Recommendation--main\IoTDeviceSuggestionWInUI\IoTDeviceSuggestionWInUI.csproj]
C:\IoTWinUI\obj\x64\Debug\net8.0-windows10.0.19041.0\win-x64\MainWindow.g.i.cs(52,18): error CS0111: Type 'MainWindow.IMainWindow_Bindings' already defines a member called 'DisconnectUnloadedObject' with the same parameter types [C:\Users\DTMLLUAdminUser\Desktop\Imran\IoT-Devices-Recommendation--main\IoT-Devices-Recommendation--main\IoTDeviceSuggestionWInUI\IoTDeviceSuggestionWInUI.csproj]
C:\IoTWinUI\obj\x64\Debug\net8.0-windows10.0.19041.0\win-x64\MainWindow.g.i.cs(58,18): error CS0111: Type 'MainWindow.IMainWindow_BindingsScopeConnector' already defines a member called 'ContainsElement' with the same parameter types [C:\Users\DTMLLUAdminUser\Desktop\Imran\IoT-Devices-Recommendation--main\IoT-Devices-Recommendation--main\IoTDeviceSuggestionWInUI\IoTDeviceSuggestionWInUI.csproj]
C:\IoTWinUI\obj\x64\Debug\net8.0-windows10.0.19041.0\win-x64\MainWindow.g.i.cs(59,18): error CS0111: Type 'MainWindow.IMainWindow_BindingsScopeConnector' already defines a member called 'RegisterForElementConnection' with the same parameter types [C:\Users\DTMLLUAdminUser\Desktop\Imran\IoT-Devices-Recommendation--main\IoT-Devices-Recommendation--main\IoTDeviceSuggestionWInUI\IoTDeviceSuggestionWInUI.csproj]
C:\IoTWinUI\obj\x64\Debug\net8.0-windows10.0.19041.0\win-x64\App.g.i.cs(23,21): error CS0111: Type 'Program' already defines a member called 'Main' with the same parameter types [C:\Users\DTMLLUAdminUser\Desktop\Imran\IoT-Devices-Recommendation--main\IoT-Devices-Recommendation--main\IoTDeviceSuggestionWInUI\IoTDeviceSuggestionWInUI.csproj]
C:\IoTWinUI\obj\x64\Debug\net8.0-windows10.0.19041.0\win-x64\Views\ResultsPage.g.i.cs(40,22): error CS0756: A partial method may not have multiple defining declarations [C:\Users\DTMLLUAdminUser\Desktop\Imran\IoT-Devices-Recommendation--main\IoT-Devices-Recommendation--main\IoTDeviceSuggestionWInUI\IoTDeviceSuggestionWInUI.csproj]
C:\IoTWinUI\obj\x64\Debug\net8.0-windows10.0.19041.0\win-x64\Views\ResultsPage.g.i.cs(22,22): error CS0102: The type 'ResultsPage' already contains a definition for '_contentLoaded' [C:\Users\DTMLLUAdminUser\Desktop\Imran\IoT-Devices-Recommendation--main\IoT-Devices-Recommendation--main\IoTDeviceSuggestionWInUI\IoTDeviceSuggestionWInUI.csproj]
C:\IoTWinUI\obj\x64\Debug\net8.0-windows10.0.19041.0\win-x64\Views\ResultsPage.g.i.cs(29,21): error CS0111: Type 'ResultsPage' already defines a member called 'InitializeComponent' with the same parameter types [C:\Users\DTMLLUAdminUser\Desktop\Imran\IoT-Devices-Recommendation--main\IoT-Devices-Recommendation--main\IoTDeviceSuggestionWInUI\IoTDeviceSuggestionWInUI.csproj]
C:\IoTWinUI\obj\x64\Debug\net8.0-windows10.0.19041.0\win-x64\Views\ResultsPage.g.i.cs(40,22): error CS0111: Type 'ResultsPage' already defines a member called 'UnloadObject' with the same parameter types [C:\Users\DTMLLUAdminUser\Desktop\Imran\IoT-Devices-Recommendation--main\IoT-Devices-Recommendation--main\IoTDeviceSuggestionWInUI\IoTDeviceSuggestionWInUI.csproj]
C:\IoTWinUI\obj\x64\Debug\net8.0-windows10.0.19041.0\win-x64\Views\UserInputPage.g.i.cs(40,22): error CS0756: A partial method may not have multiple defining declarations [C:\Users\DTMLLUAdminUser\Desktop\Imran\IoT-Devices-Recommendation--main\IoT-Devices-Recommendation--main\IoTDeviceSuggestionWInUI\IoTDeviceSuggestionWInUI.csproj]
C:\IoTWinUI\obj\x64\Debug\net8.0-windows10.0.19041.0\win-x64\Views\UserInputPage.g.i.cs(22,22): error CS0102: The type 'UserInputPage' already contains a definition for '_contentLoaded' [C:\Users\DTMLLUAdminUser\Desktop\Imran\IoT-Devices-Recommendation--main\IoT-Devices-Recommendation--main\IoTDeviceSuggestionWInUI\IoTDeviceSuggestionWInUI.csproj]
C:\IoTWinUI\obj\x64\Debug\net8.0-windows10.0.19041.0\win-x64\Views\UserInputPage.g.i.cs(29,21): error CS0111: Type 'UserInputPage' already defines a member called 'InitializeComponent' with the same parameter types [C:\Users\DTMLLUAdminUser\Desktop\Imran\IoT-Devices-Recommendation--main\IoT-Devices-Recommendation--main\IoTDeviceSuggestionWInUI\IoTDeviceSuggestionWInUI.csproj]
C:\IoTWinUI\obj\x64\Debug\net8.0-windows10.0.19041.0\win-x64\Views\UserInputPage.g.i.cs(40,22): error CS0111: Type 'UserInputPage' already defines a member called 'UnloadObject' with the same parameter types [C:\Users\DTMLLUAdminUser\Desktop\Imran\IoT-Devices-Recommendation--main\IoT-Devices-Recommendation--main\IoTDeviceSuggestionWInUI\IoTDeviceSuggestionWInUI.csproj]
C:\Users\DTMLLUAdminUser\.nuget\packages\microsoft.windowsappsdk.winui\1.8.260224000\buildTransitive\Microsoft.UI.Xaml.Markup.Compiler.interop.targets(845,9): error MSB3073: The command ""C:\Users\DTMLLUAdminUser\.nuget\packages\microsoft.windowsappsdk.winui\1.8.260224000\buildTransitive\..\tools\net6.0\..\net472\XamlCompiler.exe" "C:\IoTWinUI\obj\x64\Debug\net8.0-windows10.0.19041.0\win-x64\\input.json" "C:\IoTWinUI\obj\x64\Debug\net8.0-windows10.0.19041.0\win-x64\\output.json"" exited with code 1. [C:\Users\DTMLLUAdminUser\Desktop\Imran\IoT-Devices-Recommendation--main\IoT-Devices-Recommendation--main\IoTDeviceSuggestionWInUI\IoTDeviceSuggestionWInUI.csproj]

Build FAILED.

C:\Users\DTMLLUAdminUser\Desktop\Imran\IoT-Devices-Recommendation--main\IoT-Devices-Recommendation--main\IoTDeviceSuggestionWInUI\obj\x64\Debug\net8.0-windows10.0.19041.0\win-x64\.NETCoreApp,Version=v8.0.AssemblyAttributes.cs(4,12): error CS0579: Duplicate 'global::System.Runtime.Versioning.TargetFrameworkAttribute' attribute [C:\Users\DTMLLUAdminUser\Desktop\Imran\IoT-Devices-Recommendation--main\IoT-Devices-Recommendation--main\IoTDeviceSuggestionWInUI\IoTDeviceSuggestionWInUI.csproj]
C:\Users\DTMLLUAdminUser\Desktop\Imran\IoT-Devices-Recommendation--main\IoT-Devices-Recommendation--main\IoTDeviceSuggestionWInUI\obj\x64\Debug\net8.0-windows10.0.19041.0\win-x64\IoTDeviceSuggestionWInUI.AssemblyInfo.cs(14,12): error CS0579: Duplicate 'System.Reflection.AssemblyCompanyAttribute' attribute [C:\Users\DTMLLUAdminUser\Desktop\Imran\IoT-Devices-Recommendation--main\IoT-Devices-Recommendation--main\IoTDeviceSuggestionWInUI\IoTDeviceSuggestionWInUI.csproj]
C:\Users\DTMLLUAdminUser\Desktop\Imran\IoT-Devices-Recommendation--main\IoT-Devices-Recommendation--main\IoTDeviceSuggestionWInUI\obj\x64\Debug\net8.0-windows10.0.19041.0\win-x64\IoTDeviceSuggestionWInUI.AssemblyInfo.cs(15,12): error CS0579: Duplicate 'System.Reflection.AssemblyConfigurationAttribute' attribute [C:\Users\DTMLLUAdminUser\Desktop\Imran\IoT-Devices-Recommendation--main\IoT-Devices-Recommendation--main\IoTDeviceSuggestionWInUI\IoTDeviceSuggestionWInUI.csproj]
C:\Users\DTMLLUAdminUser\Desktop\Imran\IoT-Devices-Recommendation--main\IoT-Devices-Recommendation--main\IoTDeviceSuggestionWInUI\obj\x64\Debug\net8.0-windows10.0.19041.0\win-x64\IoTDeviceSuggestionWInUI.AssemblyInfo.cs(16,12): error CS0579: Duplicate 'System.Reflection.AssemblyFileVersionAttribute' attribute [C:\Users\DTMLLUAdminUser\Desktop\Imran\IoT-Devices-Recommendation--main\IoT-Devices-Recommendation--main\IoTDeviceSuggestionWInUI\IoTDeviceSuggestionWInUI.csproj]
C:\Users\DTMLLUAdminUser\Desktop\Imran\IoT-Devices-Recommendation--main\IoT-Devices-Recommendation--main\IoTDeviceSuggestionWInUI\obj\x64\Debug\net8.0-windows10.0.19041.0\win-x64\IoTDeviceSuggestionWInUI.AssemblyInfo.cs(17,12): error CS0579: Duplicate 'System.Reflection.AssemblyInformationalVersionAttribute' attribute [C:\Users\DTMLLUAdminUser\Desktop\Imran\IoT-Devices-Recommendation--main\IoT-Devices-Recommendation--main\IoTDeviceSuggestionWInUI\IoTDeviceSuggestionWInUI.csproj]
C:\Users\DTMLLUAdminUser\Desktop\Imran\IoT-Devices-Recommendation--main\IoT-Devices-Recommendation--main\IoTDeviceSuggestionWInUI\obj\x64\Debug\net8.0-windows10.0.19041.0\win-x64\IoTDeviceSuggestionWInUI.AssemblyInfo.cs(18,12): error CS0579: Duplicate 'System.Reflection.AssemblyProductAttribute' attribute [C:\Users\DTMLLUAdminUser\Desktop\Imran\IoT-Devices-Recommendation--main\IoT-Devices-Recommendation--main\IoTDeviceSuggestionWInUI\IoTDeviceSuggestionWInUI.csproj]
C:\Users\DTMLLUAdminUser\Desktop\Imran\IoT-Devices-Recommendation--main\IoT-Devices-Recommendation--main\IoTDeviceSuggestionWInUI\obj\x64\Debug\net8.0-windows10.0.19041.0\win-x64\IoTDeviceSuggestionWInUI.AssemblyInfo.cs(19,12): error CS0579: Duplicate 'System.Reflection.AssemblyTitleAttribute' attribute [C:\Users\DTMLLUAdminUser\Desktop\Imran\IoT-Devices-Recommendation--main\IoT-Devices-Recommendation--main\IoTDeviceSuggestionWInUI\IoTDeviceSuggestionWInUI.csproj]
C:\Users\DTMLLUAdminUser\Desktop\Imran\IoT-Devices-Recommendation--main\IoT-Devices-Recommendation--main\IoTDeviceSuggestionWInUI\obj\x64\Debug\net8.0-windows10.0.19041.0\win-x64\IoTDeviceSuggestionWInUI.AssemblyInfo.cs(20,12): error CS0579: Duplicate 'System.Reflection.AssemblyVersionAttribute' attribute [C:\Users\DTMLLUAdminUser\Desktop\Imran\IoT-Devices-Recommendation--main\IoT-Devices-Recommendation--main\IoTDeviceSuggestionWInUI\IoTDeviceSuggestionWInUI.csproj]
C:\Users\DTMLLUAdminUser\Desktop\Imran\IoT-Devices-Recommendation--main\IoT-Devices-Recommendation--main\IoTDeviceSuggestionWInUI\obj\x64\Debug\net8.0-windows10.0.19041.0\win-x64\IoTDeviceSuggestionWInUI.AssemblyInfo.cs(21,12): error CS0579: Duplicate 'System.Runtime.Versioning.TargetPlatformAttribute' attribute [C:\Users\DTMLLUAdminUser\Desktop\Imran\IoT-Devices-Recommendation--main\IoT-Devices-Recommendation--main\IoTDeviceSuggestionWInUI\IoTDeviceSuggestionWInUI.csproj]
C:\IoTWinUI\obj\x64\Debug\net8.0-windows10.0.19041.0\win-x64\App.g.i.cs(18,25): error CS0101: The namespace 'IoTDeviceSuggestionWInUI' already contains a definition for 'Program' [C:\Users\DTMLLUAdminUser\Desktop\Imran\IoT-Devices-Recommendation--main\IoT-Devices-Recommendation--main\IoTDeviceSuggestionWInUI\IoTDeviceSuggestionWInUI.csproj]
C:\IoTWinUI\obj\x64\Debug\net8.0-windows10.0.19041.0\win-x64\App.g.i.cs(38,22): error CS0102: The type 'App' already contains a definition for '_contentLoaded' [C:\Users\DTMLLUAdminUser\Desktop\Imran\IoT-Devices-Recommendation--main\IoT-Devices-Recommendation--main\IoTDeviceSuggestionWInUI\IoTDeviceSuggestionWInUI.csproj]
C:\IoTWinUI\obj\x64\Debug\net8.0-windows10.0.19041.0\win-x64\App.g.i.cs(44,21): error CS0111: Type 'App' already defines a member called 'InitializeComponent' with the same parameter types [C:\Users\DTMLLUAdminUser\Desktop\Imran\IoT-Devices-Recommendation--main\IoT-Devices-Recommendation--main\IoTDeviceSuggestionWInUI\IoTDeviceSuggestionWInUI.csproj]
C:\IoTWinUI\obj\x64\Debug\net8.0-windows10.0.19041.0\win-x64\MainWindow.g.i.cs(47,27): error CS0102: The type 'MainWindow' already contains a definition for 'IMainWindow_Bindings' [C:\Users\DTMLLUAdminUser\Desktop\Imran\IoT-Devices-Recommendation--main\IoT-Devices-Recommendation--main\IoTDeviceSuggestionWInUI\IoTDeviceSuggestionWInUI.csproj]
C:\IoTWinUI\obj\x64\Debug\net8.0-windows10.0.19041.0\win-x64\MainWindow.g.i.cs(55,27): error CS0102: The type 'MainWindow' already contains a definition for 'IMainWindow_BindingsScopeConnector' [C:\Users\DTMLLUAdminUser\Desktop\Imran\IoT-Devices-Recommendation--main\IoT-Devices-Recommendation--main\IoTDeviceSuggestionWInUI\IoTDeviceSuggestionWInUI.csproj]
C:\IoTWinUI\obj\x64\Debug\net8.0-windows10.0.19041.0\win-x64\MainWindow.g.i.cs(44,22): error CS0756: A partial method may not have multiple defining declarations [C:\Users\DTMLLUAdminUser\Desktop\Imran\IoT-Devices-Recommendation--main\IoT-Devices-Recommendation--main\IoTDeviceSuggestionWInUI\IoTDeviceSuggestionWInUI.csproj]
C:\IoTWinUI\obj\x64\Debug\net8.0-windows10.0.19041.0\win-x64\MainWindow.g.i.cs(20,60): error CS0102: The type 'MainWindow' already contains a definition for 'DevicesTextBox' [C:\Users\DTMLLUAdminUser\Desktop\Imran\IoT-Devices-Recommendation--main\IoT-Devices-Recommendation--main\IoTDeviceSuggestionWInUI\IoTDeviceSuggestionWInUI.csproj]
C:\IoTWinUI\obj\x64\Debug\net8.0-windows10.0.19041.0\win-x64\MainWindow.g.i.cs(22,61): error CS0102: The type 'MainWindow' already contains a definition for 'RoomComboBox' [C:\Users\DTMLLUAdminUser\Desktop\Imran\IoT-Devices-Recommendation--main\IoT-Devices-Recommendation--main\IoTDeviceSuggestionWInUI\IoTDeviceSuggestionWInUI.csproj]
C:\IoTWinUI\obj\x64\Debug\net8.0-windows10.0.19041.0\win-x64\MainWindow.g.i.cs(26,22): error CS0102: The type 'MainWindow' already contains a definition for '_contentLoaded' [C:\Users\DTMLLUAdminUser\Desktop\Imran\IoT-Devices-Recommendation--main\IoT-Devices-Recommendation--main\IoTDeviceSuggestionWInUI\IoTDeviceSuggestionWInUI.csproj]
C:\IoTWinUI\obj\x64\Debug\net8.0-windows10.0.19041.0\win-x64\MainWindow.g.i.cs(33,21): error CS0111: Type 'MainWindow' already defines a member called 'InitializeComponent' with the same parameter types [C:\Users\DTMLLUAdminUser\Desktop\Imran\IoT-Devices-Recommendation--main\IoT-Devices-Recommendation--main\IoTDeviceSuggestionWInUI\IoTDeviceSuggestionWInUI.csproj]
C:\IoTWinUI\obj\x64\Debug\net8.0-windows10.0.19041.0\win-x64\MainWindow.g.i.cs(44,22): error CS0111: Type 'MainWindow' already defines a member called 'UnloadObject' with the same parameter types [C:\Users\DTMLLUAdminUser\Desktop\Imran\IoT-Devices-Recommendation--main\IoT-Devices-Recommendation--main\IoTDeviceSuggestionWInUI\IoTDeviceSuggestionWInUI.csproj]
C:\IoTWinUI\obj\x64\Debug\net8.0-windows10.0.19041.0\win-x64\MainWindow.g.i.cs(64,38): error CS0102: The type 'MainWindow' already contains a definition for 'Bindings' [C:\Users\DTMLLUAdminUser\Desktop\Imran\IoT-Devices-Recommendation--main\IoT-Devices-Recommendation--main\IoTDeviceSuggestionWInUI\IoTDeviceSuggestionWInUI.csproj]
C:\IoTWinUI\obj\x64\Debug\net8.0-windows10.0.19041.0\win-x64\MainWindow.g.i.cs(46,10): error CS0579: Duplicate 'global::System.CodeDom.Compiler.GeneratedCodeAttribute' attribute [C:\Users\DTMLLUAdminUser\Desktop\Imran\IoT-Devices-Recommendation--main\IoT-Devices-Recommendation--main\IoTDeviceSuggestionWInUI\IoTDeviceSuggestionWInUI.csproj]
C:\IoTWinUI\obj\x64\Debug\net8.0-windows10.0.19041.0\win-x64\MainWindow.g.i.cs(49,18): error CS0111: Type 'MainWindow.IMainWindow_Bindings' already defines a member called 'Initialize' with the same parameter types [C:\Users\DTMLLUAdminUser\Desktop\Imran\IoT-Devices-Recommendation--main\IoT-Devices-Recommendation--main\IoTDeviceSuggestionWInUI\IoTDeviceSuggestionWInUI.csproj]
C:\IoTWinUI\obj\x64\Debug\net8.0-windows10.0.19041.0\win-x64\MainWindow.g.i.cs(50,18): error CS0111: Type 'MainWindow.IMainWindow_Bindings' already defines a member called 'Update' with the same parameter types [C:\Users\DTMLLUAdminUser\Desktop\Imran\IoT-Devices-Recommendation--main\IoT-Devices-Recommendation--main\IoTDeviceSuggestionWInUI\IoTDeviceSuggestionWInUI.csproj]
C:\IoTWinUI\obj\x64\Debug\net8.0-windows10.0.19041.0\win-x64\MainWindow.g.i.cs(51,18): error CS0111: Type 'MainWindow.IMainWindow_Bindings' already defines a member called 'StopTracking' with the same parameter types [C:\Users\DTMLLUAdminUser\Desktop\Imran\IoT-Devices-Recommendation--main\IoT-Devices-Recommendation--main\IoTDeviceSuggestionWInUI\IoTDeviceSuggestionWInUI.csproj]
C:\IoTWinUI\obj\x64\Debug\net8.0-windows10.0.19041.0\win-x64\MainWindow.g.i.cs(52,18): error CS0111: Type 'MainWindow.IMainWindow_Bindings' already defines a member called 'DisconnectUnloadedObject' with the same parameter types [C:\Users\DTMLLUAdminUser\Desktop\Imran\IoT-Devices-Recommendation--main\IoT-Devices-Recommendation--main\IoTDeviceSuggestionWInUI\IoTDeviceSuggestionWInUI.csproj]
C:\IoTWinUI\obj\x64\Debug\net8.0-windows10.0.19041.0\win-x64\MainWindow.g.i.cs(58,18): error CS0111: Type 'MainWindow.IMainWindow_BindingsScopeConnector' already defines a member called 'ContainsElement' with the same parameter types [C:\Users\DTMLLUAdminUser\Desktop\Imran\IoT-Devices-Recommendation--main\IoT-Devices-Recommendation--main\IoTDeviceSuggestionWInUI\IoTDeviceSuggestionWInUI.csproj]
C:\IoTWinUI\obj\x64\Debug\net8.0-windows10.0.19041.0\win-x64\MainWindow.g.i.cs(59,18): error CS0111: Type 'MainWindow.IMainWindow_BindingsScopeConnector' already defines a member called 'RegisterForElementConnection' with the same parameter types [C:\Users\DTMLLUAdminUser\Desktop\Imran\IoT-Devices-Recommendation--main\IoT-Devices-Recommendation--main\IoTDeviceSuggestionWInUI\IoTDeviceSuggestionWInUI.csproj]
C:\IoTWinUI\obj\x64\Debug\net8.0-windows10.0.19041.0\win-x64\App.g.i.cs(23,21): error CS0111: Type 'Program' already defines a member called 'Main' with the same parameter types [C:\Users\DTMLLUAdminUser\Desktop\Imran\IoT-Devices-Recommendation--main\IoT-Devices-Recommendation--main\IoTDeviceSuggestionWInUI\IoTDeviceSuggestionWInUI.csproj]
C:\IoTWinUI\obj\x64\Debug\net8.0-windows10.0.19041.0\win-x64\Views\ResultsPage.g.i.cs(40,22): error CS0756: A partial method may not have multiple defining declarations [C:\Users\DTMLLUAdminUser\Desktop\Imran\IoT-Devices-Recommendation--main\IoT-Devices-Recommendation--main\IoTDeviceSuggestionWInUI\IoTDeviceSuggestionWInUI.csproj]
C:\IoTWinUI\obj\x64\Debug\net8.0-windows10.0.19041.0\win-x64\Views\ResultsPage.g.i.cs(22,22): error CS0102: The type 'ResultsPage' already contains a definition for '_contentLoaded' [C:\Users\DTMLLUAdminUser\Desktop\Imran\IoT-Devices-Recommendation--main\IoT-Devices-Recommendation--main\IoTDeviceSuggestionWInUI\IoTDeviceSuggestionWInUI.csproj]
C:\IoTWinUI\obj\x64\Debug\net8.0-windows10.0.19041.0\win-x64\Views\ResultsPage.g.i.cs(29,21): error CS0111: Type 'ResultsPage' already defines a member called 'InitializeComponent' with the same parameter types [C:\Users\DTMLLUAdminUser\Desktop\Imran\IoT-Devices-Recommendation--main\IoT-Devices-Recommendation--main\IoTDeviceSuggestionWInUI\IoTDeviceSuggestionWInUI.csproj]
C:\IoTWinUI\obj\x64\Debug\net8.0-windows10.0.19041.0\win-x64\Views\ResultsPage.g.i.cs(40,22): error CS0111: Type 'ResultsPage' already defines a member called 'UnloadObject' with the same parameter types [C:\Users\DTMLLUAdminUser\Desktop\Imran\IoT-Devices-Recommendation--main\IoT-Devices-Recommendation--main\IoTDeviceSuggestionWInUI\IoTDeviceSuggestionWInUI.csproj]
C:\IoTWinUI\obj\x64\Debug\net8.0-windows10.0.19041.0\win-x64\Views\UserInputPage.g.i.cs(40,22): error CS0756: A partial method may not have multiple defining declarations [C:\Users\DTMLLUAdminUser\Desktop\Imran\IoT-Devices-Recommendation--main\IoT-Devices-Recommendation--main\IoTDeviceSuggestionWInUI\IoTDeviceSuggestionWInUI.csproj]
C:\IoTWinUI\obj\x64\Debug\net8.0-windows10.0.19041.0\win-x64\Views\UserInputPage.g.i.cs(22,22): error CS0102: The type 'UserInputPage' already contains a definition for '_contentLoaded' [C:\Users\DTMLLUAdminUser\Desktop\Imran\IoT-Devices-Recommendation--main\IoT-Devices-Recommendation--main\IoTDeviceSuggestionWInUI\IoTDeviceSuggestionWInUI.csproj]
C:\IoTWinUI\obj\x64\Debug\net8.0-windows10.0.19041.0\win-x64\Views\UserInputPage.g.i.cs(29,21): error CS0111: Type 'UserInputPage' already defines a member called 'InitializeComponent' with the same parameter types [C:\Users\DTMLLUAdminUser\Desktop\Imran\IoT-Devices-Recommendation--main\IoT-Devices-Recommendation--main\IoTDeviceSuggestionWInUI\IoTDeviceSuggestionWInUI.csproj]
C:\IoTWinUI\obj\x64\Debug\net8.0-windows10.0.19041.0\win-x64\Views\UserInputPage.g.i.cs(40,22): error CS0111: Type 'UserInputPage' already defines a member called 'UnloadObject' with the same parameter types [C:\Users\DTMLLUAdminUser\Desktop\Imran\IoT-Devices-Recommendation--main\IoT-Devices-Recommendation--main\IoTDeviceSuggestionWInUI\IoTDeviceSuggestionWInUI.csproj]
C:\Users\DTMLLUAdminUser\.nuget\packages\microsoft.windowsappsdk.winui\1.8.260224000\buildTransitive\Microsoft.UI.Xaml.Markup.Compiler.interop.targets(845,9): error MSB3073: The command ""C:\Users\DTMLLUAdminUser\.nuget\packages\microsoft.windowsappsdk.winui\1.8.260224000\buildTransitive\..\tools\net6.0\..\net472\XamlCompiler.exe" "C:\IoTWinUI\obj\x64\Debug\net8.0-windows10.0.19041.0\win-x64\\input.json" "C:\IoTWinUI\obj\x64\Debug\net8.0-windows10.0.19041.0\win-x64\\output.json"" exited with code 1. [C:\Users\DTMLLUAdminUser\Desktop\Imran\IoT-Devices-Recommendation--main\IoT-Devices-Recommendation--main\IoTDeviceSuggestionWInUI\IoTDeviceSuggestionWInUI.csproj]
    0 Warning(s)
    38 Error(s)

Time Elapsed 00:00:12.55
